-- The CXX compiler identification is GNU 14.3.1
-- Detecting CXX compiler ABI info
-- Detecting CXX compiler ABI info - done
-- Check for working CXX compiler: /usr/bin/c++ - skipped
-- Detecting CXX compile features
-- Detecting CXX compile features - done
-- Checking for module 'mpi-cxx'
--   Package 'mpi-cxx', required by 'virtual:world', not found
-- Configuring done (6.9s)
-- Generating done (0.1s)
-- Build files have been written to: /srv/home/jannupalli/VecScale/build
[  7%] Building CXX object CMakeFiles/vecscale.dir/src/vecscale/aggregator.cpp.o
[ 23%] Building CXX object CMakeFiles/vecscale.dir/src/vecscale/baselines.cpp.o
[ 30%] Building CXX object CMakeFiles/vecscale.dir/src/vecscale/compute.cpp.o
[ 53%] Building CXX object CMakeFiles/vecscale.dir/src/vecscale/router.cpp.o
[ 61%] Building CXX object CMakeFiles/vecscale.dir/src/vecscale/benchmark.cpp.o
[ 61%] Building CXX object CMakeFiles/vecscale.dir/src/vecscale/data.cpp.o
[ 61%] Building CXX object CMakeFiles/vecscale.dir/src/vecscale/compute_cuda_stub.cpp.o
[ 61%] Building CXX object CMakeFiles/vecscale.dir/src/vecscale/worker.cpp.o
[ 69%] Linking CXX static library libvecscale.a
[ 69%] Built target vecscale
[ 76%] Building CXX object CMakeFiles/run_demo.dir/scripts/run_demo.cpp.o
[ 84%] Building CXX object CMakeFiles/prepare_dataset.dir/scripts/prepare_dataset.cpp.o
[ 92%] Linking CXX executable prepare_dataset
[ 92%] Built target prepare_dataset
[100%] Linking CXX executable run_demo
[100%] Built target run_demo
Dataset written to data/dataset_cpp
embeddings=100000 x 128
queries=1000 x 128
Launching single-process mode with backend=openmp
=== C++ Benchmark Summary ===
Backend: openmp
OMP threads: 8
Queries: 1000
Baseline throughput (single-node exact): 17.0251 qps
shards=4 distributed_qps=67.8353 p50_ms=116.833 p95_ms=117.953
