-- The CUDA compiler identification is NVIDIA 12.9.86 with host compiler GNU 14.3.0
-- Detecting CUDA compiler ABI info
-- Detecting CUDA compiler ABI info - done
-- Check for working CUDA compiler: /opt/apps/cuda/x86_64/12.9.1/default/bin/nvcc - skipped
-- Detecting CUDA compile features
-- Detecting CUDA compile features - done
-- Checking for module 'mpi-cxx'
--   Package 'mpi-cxx', required by 'virtual:world', not found
-- Configuring done (16.5s)
-- Generating done (0.1s)
-- Build files have been written to: /srv/home/jannupalli/VecScale/build
[ 20%] Building CXX object CMakeFiles/vecscale.dir/src/vecscale/baselines.cpp.o
[ 20%] Building CXX object CMakeFiles/vecscale.dir/src/vecscale/benchmark.cpp.o
[ 20%] Building CXX object CMakeFiles/vecscale.dir/src/vecscale/aggregator.cpp.o
[ 33%] Building CXX object CMakeFiles/vecscale.dir/src/vecscale/compute.cpp.o
[ 46%] Building CXX object CMakeFiles/vecscale.dir/src/vecscale/worker.cpp.o
[ 53%] Building CXX object CMakeFiles/vecscale.dir/src/vecscale/data.cpp.o
[ 53%] Building CXX object CMakeFiles/vecscale.dir/src/vecscale/router.cpp.o
[ 53%] Building CUDA object CMakeFiles/vecscale.dir/src/vecscale/compute_cuda.cu.o
[ 60%] Linking CXX static library libvecscale.a
[ 60%] Built target vecscale
[ 66%] Building CXX object CMakeFiles/run_demo.dir/scripts/run_demo.cpp.o
[ 73%] Building CXX object CMakeFiles/prepare_dataset.dir/scripts/prepare_dataset.cpp.o
[ 80%] Linking CUDA device code CMakeFiles/prepare_dataset.dir/cmake_device_link.o
[ 86%] Linking CXX executable prepare_dataset
[ 86%] Built target prepare_dataset
[ 93%] Linking CUDA device code CMakeFiles/run_demo.dir/cmake_device_link.o
[100%] Linking CXX executable run_demo
[100%] Built target run_demo
Dataset written to data/dataset_cpp
embeddings=100000 x 128
queries=1000 x 128
Launching single-process mode with backend=cuda
