-- Checking for module 'mpi-cxx'
--   Package 'mpi-cxx', required by 'virtual:world', not found
-- Configuring done (0.3s)
-- Generating done (0.1s)
-- Build files have been written to: /srv/home/jannupalli/VecScale/build
[ 69%] Built target vecscale
[ 84%] Built target prepare_dataset
[100%] Built target run_demo
Dataset written to data/dataset_cpp
embeddings=120000 x 128
queries=1200 x 128
===== scaling run =====
---- shards=1 ----
=== C++ Benchmark Summary ===
Backend: openmp
OMP threads: 8
Queries: 1200
Baseline throughput (single-node exact): 14.0343 qps
shards=1 distributed_qps=56.7128 p50_ms=140.918 p95_ms=141.723
---- shards=2 ----
=== C++ Benchmark Summary ===
Backend: openmp
OMP threads: 8
Queries: 1200
Baseline throughput (single-node exact): 14.1795 qps
shards=2 distributed_qps=56.4359 p50_ms=141.47 p95_ms=142.525
---- shards=4 ----
=== C++ Benchmark Summary ===
Backend: openmp
OMP threads: 8
Queries: 1200
Baseline throughput (single-node exact): 14.2008 qps
shards=4 distributed_qps=54.2463 p50_ms=142.39 p95_ms=143.044
