Lmod Warning: This module was built for an older platform and may not work
correctly! 
While processing the following module(s):
    Module fullname  Module Filename
    ---------------  ---------------
    gcc/13.2.0       /opt/apps/lmod/modulefiles/gcc/13.2.0.lua

Lmod Warning: Please use a newer version of this module for compatibility with
Euler Generation 8. 
While processing the following module(s):
    Module fullname  Module Filename
    ---------------  ---------------
    gcc/13.2.0       /opt/apps/lmod/modulefiles/gcc/13.2.0.lua

CMake Warning (dev) in CMakeLists.txt:
  Policy CMP0104 is not set: CMAKE_CUDA_ARCHITECTURES now detected for NVCC,
  empty CUDA_ARCHITECTURES not allowed.  Run "cmake --help-policy CMP0104"
  for policy details.  Use the cmake_policy command to set the policy and
  suppress this warning.

  CUDA_ARCHITECTURES is empty for target "vecscale".
This warning is for project developers.  Use -Wno-dev to suppress it.

CMake Warning (dev) in CMakeLists.txt:
  Policy CMP0104 is not set: CMAKE_CUDA_ARCHITECTURES now detected for NVCC,
  empty CUDA_ARCHITECTURES not allowed.  Run "cmake --help-policy CMP0104"
  for policy details.  Use the cmake_policy command to set the policy and
  suppress this warning.

  CUDA_ARCHITECTURES is empty for target "prepare_dataset".
This warning is for project developers.  Use -Wno-dev to suppress it.

CMake Warning (dev) in CMakeLists.txt:
  Policy CMP0104 is not set: CMAKE_CUDA_ARCHITECTURES now detected for NVCC,
  empty CUDA_ARCHITECTURES not allowed.  Run "cmake --help-policy CMP0104"
  for policy details.  Use the cmake_policy command to set the policy and
  suppress this warning.

  CUDA_ARCHITECTURES is empty for target "run_demo".
This warning is for project developers.  Use -Wno-dev to suppress it.

