-- Checking for module 'mpi-cxx'
--   Package 'mpi-cxx', required by 'virtual:world', not found
-- Configuring done (0.6s)
-- Generating done (0.8s)
-- Build files have been written to: /srv/home/jannupalli/VecScale/build
[ 40%] Building CXX object CMakeFiles/vecscale.dir/src/vecscale/compute.cpp.o
[ 46%] Building CXX object CMakeFiles/vecscale.dir/src/vecscale/aggregator.cpp.o
[ 46%] Building CXX object CMakeFiles/vecscale.dir/src/vecscale/benchmark.cpp.o
[ 46%] Building CXX object CMakeFiles/vecscale.dir/src/vecscale/baselines.cpp.o
[ 46%] Building CXX object CMakeFiles/vecscale.dir/src/vecscale/data.cpp.o
[ 46%] Building CXX object CMakeFiles/vecscale.dir/src/vecscale/router.cpp.o
[ 46%] Building CXX object CMakeFiles/vecscale.dir/src/vecscale/worker.cpp.o
[ 53%] Building CUDA object CMakeFiles/vecscale.dir/src/vecscale/compute_cuda.cu.o
[ 60%] Linking CXX static library libvecscale.a
[ 60%] Built target vecscale
[ 66%] Linking CUDA device code CMakeFiles/run_demo.dir/cmake_device_link.o
[ 73%] Linking CUDA device code CMakeFiles/prepare_dataset.dir/cmake_device_link.o
[ 80%] Linking CXX executable prepare_dataset
[ 86%] Linking CXX executable run_demo
[ 93%] Built target run_demo
[100%] Built target prepare_dataset
Dataset written to data/dataset_cpp
embeddings=100000 x 128
queries=1000 x 128
=== VecScale Benchmark ===
corpus=100000  queries=1000  dim=128  shards=4  k=10  backend=cpu

[1/3] Single-node baseline (exact top-k)...
  elapsed=5758.112 ms  throughput=173.668 qps

[2/3] Distributed search (4 parallel shards)...
  scatter+gather=1436.591 ms  bulk_qps=696.092
  per-query p50=3.008 ms  p95=3.054 ms  throughput=330.976 qps

[3/3] Recall vs. exact baseline...
  recall@10 = 1.0000

Report written to: results/benchmark_report.txt
