-- The CXX compiler identification is GNU 14.3.1
-- Detecting CXX compiler ABI info
-- Detecting CXX compiler ABI info - done
-- Check for working CXX compiler: /usr/bin/c++ - skipped
-- Detecting CXX compile features
-- Detecting CXX compile features - done
-- Configuring done (0.6s)
-- Generating done (0.1s)
-- Build files have been written to: /srv/home/jannupalli/VecScale/build
[  8%] Building CXX object CMakeFiles/vecscale.dir/src/vecscale/aggregator.cpp.o
[ 16%] Building CXX object CMakeFiles/vecscale.dir/src/vecscale/baselines.cpp.o
[ 33%] Building CXX object CMakeFiles/vecscale.dir/src/vecscale/benchmark.cpp.o
[ 33%] Building CXX object CMakeFiles/vecscale.dir/src/vecscale/compute.cpp.o
[ 41%] Building CXX object CMakeFiles/vecscale.dir/src/vecscale/data.cpp.o
[ 58%] Building CXX object CMakeFiles/vecscale.dir/src/vecscale/router.cpp.o
[ 58%] Building CXX object CMakeFiles/vecscale.dir/src/vecscale/worker.cpp.o
[ 66%] Linking CXX static library libvecscale.a
[ 66%] Built target vecscale
[ 75%] Building CXX object CMakeFiles/run_demo.dir/scripts/run_demo.cpp.o
[ 83%] Building CXX object CMakeFiles/prepare_dataset.dir/scripts/prepare_dataset.cpp.o
[ 91%] Linking CXX executable prepare_dataset
[100%] Linking CXX executable run_demo
[100%] Built target run_demo
[100%] Built target prepare_dataset
Dataset written to data/dataset_cpp
embeddings=100000 x 128
queries=1000 x 128
=== C++ Benchmark Summary ===
Queries: 1000
Baseline throughput (single-node exact): 12.3532 qps
Distributed throughput: 6.46331 qps
p50 latency: 154.624 ms
p95 latency: 155.648 ms
