-- Checking for module 'mpi-cxx'
--   Package 'mpi-cxx', required by 'virtual:world', not found
-- Configuring done (0.3s)
-- Generating done (0.9s)
-- Build files have been written to: /srv/home/jannupalli/VecScale/build
[ 60%] Built target vecscale
[ 80%] Built target run_demo
[100%] Built target prepare_dataset
Dataset written to data/dataset_cpp
embeddings=100000 x 128
queries=1000 x 128
=== VecScale Benchmark ===
corpus=100000  queries=1000  dim=128  shards=4  k=10  backend=cpu

[1/3] Single-node baseline (exact top-k)...
  elapsed=5808.261 ms  throughput=172.169 qps

[2/3] Distributed search (4 parallel shards)...
  scatter+gather=1458.594 ms  bulk_qps=685.592
  per-query p50=3.061 ms  p95=3.107 ms  throughput=325.674 qps

[3/3] Recall vs. exact baseline...
  recall@10 = 1.0000

Report written to: results/benchmark_report.txt
